make[1]: Entering directory '/mnt/home/matt/development/github/mcu-bypass-firmware'
cc -std=c11 -Wall -Wextra -Werror -I/usr/include/simavr -include test/bypass_config_host.h -DCD4053_SIMPLE -Itest -DFW_PATH=\"build_avr_classic/bypass-attiny85-cd4053_simple.elf\" -DMCU_NAME=\"attiny85\" -DF_CPU_HZ=1000000UL -DTARGET_TINYX5 -DSOAK_DURATION_MS=86400000 -DSOAK_LIVENESS_INTERVAL_MS=60000 -DSOAK_PROGRESS_INTERVAL_MS=3600000 -DSOAK_COMBINATION_NAME='"attiny85_cd4053_simple"' test/avr/test_soak.c -o test/avr/test_soak_cd4053_simple_attiny85 -lsimavr -lelf
make[1]: Leaving directory '/mnt/home/matt/development/github/mcu-bypass-firmware'
make[1]: Entering directory '/mnt/home/matt/development/github/mcu-bypass-firmware'
cc -std=c11 -Wall -Wextra -Werror -I/usr/include/simavr -include test/bypass_config_host.h -DCD4053_SIMPLE -Itest -DFW_PATH=\"build_avr_classic/bypass-attiny45-cd4053_simple.elf\" -DMCU_NAME=\"attiny45\" -DF_CPU_HZ=1000000UL -DTARGET_TINYX5 -DSOAK_DURATION_MS=86400000 -DSOAK_LIVENESS_INTERVAL_MS=60000 -DSOAK_PROGRESS_INTERVAL_MS=3600000 -DSOAK_COMBINATION_NAME='"attiny45_cd4053_simple"' test/avr/test_soak.c -o test/avr/test_soak_cd4053_simple_attiny45 -lsimavr -lelf
make[1]: Leaving directory '/mnt/home/matt/development/github/mcu-bypass-firmware'
make[1]: Entering directory '/mnt/home/matt/development/github/mcu-bypass-firmware'
cc -std=c11 -Wall -Wextra -Werror -I/usr/include/simavr -include test/bypass_config_host.h -DCD4053_WITH_MUTE -Itest -DFW_PATH=\"build_avr_classic/bypass-attiny85-cd4053_with_mute.elf\" -DMCU_NAME=\"attiny85\" -DF_CPU_HZ=1000000UL -DTARGET_TINYX5 -DSOAK_DURATION_MS=86400000 -DSOAK_LIVENESS_INTERVAL_MS=60000 -DSOAK_PROGRESS_INTERVAL_MS=3600000 -DSOAK_COMBINATION_NAME='"attiny85_cd4053_with_mute"' test/avr/test_soak.c -o test/avr/test_soak_cd4053_with_mute_attiny85 -lsimavr -lelf
make[1]: Leaving directory '/mnt/home/matt/development/github/mcu-bypass-firmware'
make[1]: Entering directory '/mnt/home/matt/development/github/mcu-bypass-firmware'
cc -std=c11 -Wall -Wextra -Werror -I/usr/include/simavr -include test/bypass_config_host.h -DCD4053_WITH_MUTE -Itest -DFW_PATH=\"build_avr_classic/bypass-attiny45-cd4053_with_mute.elf\" -DMCU_NAME=\"attiny45\" -DF_CPU_HZ=1000000UL -DTARGET_TINYX5 -DSOAK_DURATION_MS=86400000 -DSOAK_LIVENESS_INTERVAL_MS=60000 -DSOAK_PROGRESS_INTERVAL_MS=3600000 -DSOAK_COMBINATION_NAME='"attiny45_cd4053_with_mute"' test/avr/test_soak.c -o test/avr/test_soak_cd4053_with_mute_attiny45 -lsimavr -lelf
make[1]: Leaving directory '/mnt/home/matt/development/github/mcu-bypass-firmware'
make[1]: Entering directory '/mnt/home/matt/development/github/mcu-bypass-firmware'
cc -std=c11 -Wall -Wextra -Werror -I/usr/include/simavr -include test/bypass_config_host.h -DTQ2_L2_5V_RELAY -Itest -DFW_PATH=\"build_avr_classic/bypass-attiny85-tq2_l2_5v_relay.elf\" -DMCU_NAME=\"attiny85\" -DF_CPU_HZ=1000000UL -DTARGET_TINYX5 -DSOAK_DURATION_MS=86400000 -DSOAK_LIVENESS_INTERVAL_MS=60000 -DSOAK_PROGRESS_INTERVAL_MS=3600000 -DSOAK_COMBINATION_NAME='"attiny85_tq2_l2_5v_relay"' test/avr/test_soak.c -o test/avr/test_soak_tq2_l2_5v_relay_attiny85 -lsimavr -lelf
make[1]: Leaving directory '/mnt/home/matt/development/github/mcu-bypass-firmware'
make[1]: Entering directory '/mnt/home/matt/development/github/mcu-bypass-firmware'
cc -std=c11 -Wall -Wextra -Werror -I/usr/include/simavr -include test/bypass_config_host.h -DTQ2_L2_5V_RELAY -Itest -DFW_PATH=\"build_avr_classic/bypass-attiny45-tq2_l2_5v_relay.elf\" -DMCU_NAME=\"attiny45\" -DF_CPU_HZ=1000000UL -DTARGET_TINYX5 -DSOAK_DURATION_MS=86400000 -DSOAK_LIVENESS_INTERVAL_MS=60000 -DSOAK_PROGRESS_INTERVAL_MS=3600000 -DSOAK_COMBINATION_NAME='"attiny45_tq2_l2_5v_relay"' test/avr/test_soak.c -o test/avr/test_soak_tq2_l2_5v_relay_attiny45 -lsimavr -lelf
make[1]: Leaving directory '/mnt/home/matt/development/github/mcu-bypass-firmware'
generated ATtiny202 soak wrapper: attiny202_cd4053_simple -> /mnt/home/matt/development/github/mcu-bypass-firmware/build_avr_xt/bypass-attiny202-cd4053_simple.elf
generated ATtiny202 soak wrapper: attiny202_cd4053_with_mute -> /mnt/home/matt/development/github/mcu-bypass-firmware/build_avr_xt/bypass-attiny202-cd4053_with_mute.elf
generated ATtiny202 soak wrapper: attiny202_tq2_l2_5v_relay -> /mnt/home/matt/development/github/mcu-bypass-firmware/build_avr_xt/bypass-attiny202-tq2_l2_5v_relay.elf
make[1]: Entering directory '/mnt/home/matt/development/github/mcu-bypass-firmware'
c++ -std=c++17 -O2 $(pkg-config --cflags glib-2.0) -isystem /usr/include/gpsim -Itest -Isrc -DFW_PATH='"/mnt/home/matt/development/github/mcu-bypass-firmware/build_pic10f322/bypass-pic10f322-cd4053_simple.hex"' -DPROC_NAME='"p10f322"' -DF_CPU_HZ=2000000UL -DSOAK_DURATION_MS=86400000 -DSOAK_LIVENESS_INTERVAL_MS=60000 -DSOAK_PROGRESS_INTERVAL_MS=3600000 -DSOAK_COMBINATION_NAME='"pic10f322_cd4053_simple"' -DSOAK_ACTUATION_BLOCK_MS=0u test/pic/test_soak_pic.cc -o /tmp/mcu-release.MY6Pqo/soak/test_soak_pic10f322_cd4053_simple -lgpsim
make[1]: Leaving directory '/mnt/home/matt/development/github/mcu-bypass-firmware'
make[1]: Entering directory '/mnt/home/matt/development/github/mcu-bypass-firmware'
c++ -std=c++17 -O2 $(pkg-config --cflags glib-2.0) -isystem /usr/include/gpsim -Itest -Isrc -DFW_PATH='"/mnt/home/matt/development/github/mcu-bypass-firmware/build_pic10f322/bypass-pic10f322-cd4053_with_mute.hex"' -DPROC_NAME='"p10f322"' -DF_CPU_HZ=2000000UL -DSOAK_DURATION_MS=86400000 -DSOAK_LIVENESS_INTERVAL_MS=60000 -DSOAK_PROGRESS_INTERVAL_MS=3600000 -DSOAK_COMBINATION_NAME='"pic10f322_cd4053_with_mute"' -DSOAK_ACTUATION_BLOCK_MS=5u test/pic/test_soak_pic.cc -o /tmp/mcu-release.MY6Pqo/soak/test_soak_pic10f322_cd4053_with_mute -lgpsim
make[1]: Leaving directory '/mnt/home/matt/development/github/mcu-bypass-firmware'
make[1]: Entering directory '/mnt/home/matt/development/github/mcu-bypass-firmware'
c++ -std=c++17 -O2 $(pkg-config --cflags glib-2.0) -isystem /usr/include/gpsim -Itest -Isrc -DFW_PATH='"/mnt/home/matt/development/github/mcu-bypass-firmware/build_pic10f322/bypass-pic10f322-tq2_l2_5v_relay.hex"' -DPROC_NAME='"p10f322"' -DF_CPU_HZ=2000000UL -DSOAK_DURATION_MS=86400000 -DSOAK_LIVENESS_INTERVAL_MS=60000 -DSOAK_PROGRESS_INTERVAL_MS=3600000 -DSOAK_COMBINATION_NAME='"pic10f322_tq2_l2_5v_relay"' -DSOAK_ACTUATION_BLOCK_MS=12u test/pic/test_soak_pic.cc -o /tmp/mcu-release.MY6Pqo/soak/test_soak_pic10f322_tq2_l2_5v_relay -lgpsim
make[1]: Leaving directory '/mnt/home/matt/development/github/mcu-bypass-firmware'
make[1]: Entering directory '/mnt/home/matt/development/github/mcu-bypass-firmware'
c++ -std=c++17 -O2 $(pkg-config --cflags glib-2.0) -isystem /usr/include/gpsim -Itest -Isrc -DFW_PATH='"/mnt/home/matt/development/github/mcu-bypass-firmware/build_pic10f320/bypass-pic10f320-cd4053_simple.hex"' -DPROC_NAME='"p10f320"' -DF_CPU_HZ=2000000UL -DSOAK_DURATION_MS=86400000 -DSOAK_LIVENESS_INTERVAL_MS=60000 -DSOAK_PROGRESS_INTERVAL_MS=3600000 -DSOAK_COMBINATION_NAME='"pic10f320_cd4053_simple"' -DSOAK_ACTUATION_BLOCK_MS=0u test/pic/test_soak_pic.cc -o /tmp/mcu-release.MY6Pqo/soak/test_soak_pic10f320_cd4053_simple -lgpsim
make[1]: Leaving directory '/mnt/home/matt/development/github/mcu-bypass-firmware'
make[1]: Entering directory '/mnt/home/matt/development/github/mcu-bypass-firmware'
c++ -std=c++17 -O2 $(pkg-config --cflags glib-2.0) -isystem /usr/include/gpsim -Itest -Isrc -DFW_PATH='"/mnt/home/matt/development/github/mcu-bypass-firmware/build_pic10f320/bypass-pic10f320-cd4053_with_mute.hex"' -DPROC_NAME='"p10f320"' -DF_CPU_HZ=2000000UL -DSOAK_DURATION_MS=86400000 -DSOAK_LIVENESS_INTERVAL_MS=60000 -DSOAK_PROGRESS_INTERVAL_MS=3600000 -DSOAK_COMBINATION_NAME='"pic10f320_cd4053_with_mute"' -DSOAK_ACTUATION_BLOCK_MS=5u test/pic/test_soak_pic.cc -o /tmp/mcu-release.MY6Pqo/soak/test_soak_pic10f320_cd4053_with_mute -lgpsim
make[1]: Leaving directory '/mnt/home/matt/development/github/mcu-bypass-firmware'
make[1]: Entering directory '/mnt/home/matt/development/github/mcu-bypass-firmware'
c++ -std=c++17 -O2 $(pkg-config --cflags glib-2.0) -isystem /usr/include/gpsim -Itest -Isrc -DFW_PATH='"/mnt/home/matt/development/github/mcu-bypass-firmware/build_pic10f320/bypass-pic10f320-tq2_l2_5v_relay.hex"' -DPROC_NAME='"p10f320"' -DF_CPU_HZ=2000000UL -DSOAK_DURATION_MS=86400000 -DSOAK_LIVENESS_INTERVAL_MS=60000 -DSOAK_PROGRESS_INTERVAL_MS=3600000 -DSOAK_COMBINATION_NAME='"pic10f320_tq2_l2_5v_relay"' -DSOAK_ACTUATION_BLOCK_MS=12u test/pic/test_soak_pic.cc -o /tmp/mcu-release.MY6Pqo/soak/test_soak_pic10f320_tq2_l2_5v_relay -lgpsim
make[1]: Leaving directory '/mnt/home/matt/development/github/mcu-bypass-firmware'
make[1]: Entering directory '/mnt/home/matt/development/github/mcu-bypass-firmware'
=== PIC12F675 build + flash-budget (1024 words) ===
OK:   cd4053_simple -> build_pic12f675/bypass-pic12f675-cd4053_simple.hex : 495 words (48.3%) of 1024
OK:   cd4053_with_mute -> build_pic12f675/bypass-pic12f675-cd4053_with_mute.hex : 521 words (50.9%) of 1024
OK:   tq2_l2_5v_relay -> build_pic12f675/bypass-pic12f675-tq2_l2_5v_relay.hex : 523 words (51.1%) of 1024
calibration word: RETLW 0x80 (opcode 0x3480) at word 0x3FF -> build_pic12f675/simcal/bypass-pic12f675-cd4053_simple_simcal.hex
calibration word: RETLW 0x80 (opcode 0x3480) at word 0x3FF -> build_pic12f675/simcal/bypass-pic12f675-cd4053_with_mute_simcal.hex
calibration word: RETLW 0x80 (opcode 0x3480) at word 0x3FF -> build_pic12f675/simcal/bypass-pic12f675-tq2_l2_5v_relay_simcal.hex
=== PIC12F675 simulator images derived in build_pic12f675/simcal/ ===
make[1]: Leaving directory '/mnt/home/matt/development/github/mcu-bypass-firmware'
make[1]: Entering directory '/mnt/home/matt/development/github/mcu-bypass-firmware'
=== PIC12F675 build + flash-budget (1024 words) ===
OK:   cd4053_simple -> build_pic12f675/bypass-pic12f675-cd4053_simple.hex : 495 words (48.3%) of 1024
OK:   cd4053_with_mute -> build_pic12f675/bypass-pic12f675-cd4053_with_mute.hex : 521 words (50.9%) of 1024
OK:   tq2_l2_5v_relay -> build_pic12f675/bypass-pic12f675-tq2_l2_5v_relay.hex : 523 words (51.1%) of 1024
calibration word: RETLW 0x80 (opcode 0x3480) at word 0x3FF -> build_pic12f675/simcal/bypass-pic12f675-cd4053_simple_simcal.hex
calibration word: RETLW 0x80 (opcode 0x3480) at word 0x3FF -> build_pic12f675/simcal/bypass-pic12f675-cd4053_with_mute_simcal.hex
calibration word: RETLW 0x80 (opcode 0x3480) at word 0x3FF -> build_pic12f675/simcal/bypass-pic12f675-tq2_l2_5v_relay_simcal.hex
=== PIC12F675 simulator images derived in build_pic12f675/simcal/ ===
make[1]: Leaving directory '/mnt/home/matt/development/github/mcu-bypass-firmware'
make[1]: Entering directory '/mnt/home/matt/development/github/mcu-bypass-firmware'
=== PIC12F675 build + flash-budget (1024 words) ===
OK:   cd4053_simple -> build_pic12f675/bypass-pic12f675-cd4053_simple.hex : 495 words (48.3%) of 1024
OK:   cd4053_with_mute -> build_pic12f675/bypass-pic12f675-cd4053_with_mute.hex : 521 words (50.9%) of 1024
OK:   tq2_l2_5v_relay -> build_pic12f675/bypass-pic12f675-tq2_l2_5v_relay.hex : 523 words (51.1%) of 1024
calibration word: RETLW 0x80 (opcode 0x3480) at word 0x3FF -> build_pic12f675/simcal/bypass-pic12f675-cd4053_simple_simcal.hex
calibration word: RETLW 0x80 (opcode 0x3480) at word 0x3FF -> build_pic12f675/simcal/bypass-pic12f675-cd4053_with_mute_simcal.hex
calibration word: RETLW 0x80 (opcode 0x3480) at word 0x3FF -> build_pic12f675/simcal/bypass-pic12f675-tq2_l2_5v_relay_simcal.hex
=== PIC12F675 simulator images derived in build_pic12f675/simcal/ ===
make[1]: Leaving directory '/mnt/home/matt/development/github/mcu-bypass-firmware'
